---
- council_reference: 10.2014.349.2
  address: 66 Newbridge St, South Lismore 2480 NSW
  description: Sec4.55(1A) modification to approved consent
  info_url: https://tracker.lismore.nsw.gov.au/Application/ApplicationDetails/010.2014.00000349.002
  date_scraped: '2019-05-14'
  date_received: '2019-05-07'
- council_reference: 10.2018.124.1
  address: 24 Alternative Way, Nimbin 2480 NSW
  description: DA18/124 - 24 Alternative Way - Detached dual occ(CC No.2019/173.1)
  info_url: https://tracker.lismore.nsw.gov.au/Application/ApplicationDetails/010.2018.00000124.001
  date_scraped: '2019-05-14'
  date_received: '2019-05-08'
- council_reference: 10.2018.157.1
  address: 27 Pineapple Rd, Goonellabah 2480 NSW
  description: DA18/157 - 27 Pineapple Rd - Flexible learning centre(cc nO.12619/01)
  info_url: https://tracker.lismore.nsw.gov.au/Application/ApplicationDetails/010.2018.00000157.001
  date_scraped: '2019-05-14'
  date_received: '2019-04-17'
- council_reference: 10.2019.101.1
  address: 4 Schurr Dr, Goonellabah 2480 NSW
  description: DA19/101 - 4 Schurr Drive - Dwelling retaining walls(CC No. 190115/01)
  info_url: https://tracker.lismore.nsw.gov.au/Application/ApplicationDetails/010.2019.00000101.001
  date_scraped: '2019-05-14'
  date_received: '2019-04-17'
- council_reference: 10.2019.119.1
  address: 31 Ewing St, Lismore 2480 NSW
  description: DA19/119 - 31 Ewing Street - Alterations and additions
  info_url: https://tracker.lismore.nsw.gov.au/Application/ApplicationDetails/010.2019.00000119.001
  date_scraped: '2019-05-14'
  date_received: '2019-04-15'
- council_reference: 10.2019.122.1
  address: 31 City View Dr, East Lismore 2480 NSW
  description: DA19/122 - 31 City View Drive - Carport with BLV
  info_url: https://tracker.lismore.nsw.gov.au/Application/ApplicationDetails/010.2019.00000122.001
  date_scraped: '2019-05-14'
  date_received: '2019-04-16'
- council_reference: 10.2019.123.1
  address: 20 Renwick St, Lismore Heights 2480 NSW
  description: DA19/123 - 20 Renwick St - Dwelling alterations, additions and pool
  info_url: https://tracker.lismore.nsw.gov.au/Application/ApplicationDetails/010.2019.00000123.001
  date_scraped: '2019-05-14'
  date_received: '2019-04-16'
- council_reference: 10.2019.126.1
  address: 18 Wade St, East Lismore 2480 NSW
  description: DA19/126 - 18 Wade Street - Additions and alterations
  info_url: https://tracker.lismore.nsw.gov.au/Application/ApplicationDetails/010.2019.00000126.001
  date_scraped: '2019-05-14'
  date_received: '2019-04-17'
- council_reference: 10.2019.127.1
  address: 18 Satinwood Dr, Mcleans Ridges 2480 NSW
  description: DA19/127 - 18 Satinwood Drive - Dwelling additons and alterations
  info_url: https://tracker.lismore.nsw.gov.au/Application/ApplicationDetails/010.2019.00000127.001
  date_scraped: '2019-05-14'
  date_received: '2019-04-18'
- council_reference: 10.2019.128.1
  address: 52 Bridge St, Wyrallah 2480 NSW
  description: DA19/128 - 52 Bridge Street - Dwelling
  info_url: https://tracker.lismore.nsw.gov.au/Application/ApplicationDetails/010.2019.00000128.001
  date_scraped: '2019-05-14'
  date_received: '2019-04-18'
- council_reference: 10.2019.129.1
  address: 127 Terania St, North Lismore 2480 NSW
  description: DA19/129 - 127 Terania St - Front fence (1.8m spear top panel fence)
  info_url: https://tracker.lismore.nsw.gov.au/Application/ApplicationDetails/010.2019.00000129.001
  date_scraped: '2019-05-14'
  date_received: '2019-04-23'
- council_reference: 10.2019.13.1
  address: 17 Byrne Rd, Rosebank 2480 NSW
  description: DA19/13 - 17 Byrne Road - Dwelling and shed(CC No. 190104/01)
  info_url: https://tracker.lismore.nsw.gov.au/Application/ApplicationDetails/010.2019.00000013.001
  date_scraped: '2019-05-14'
  date_received: '2019-04-26'
- council_reference: 10.2019.131.1
  address: 41 Deloraine Rd, Lismore Heights 2480 NSW
  description: DA19/131 - 41 Deloraine Road - Extension to retaining wall and blv
  info_url: https://tracker.lismore.nsw.gov.au/Application/ApplicationDetails/010.2019.00000131.001
  date_scraped: '2019-05-14'
  date_received: '2019-04-24'
- council_reference: 10.2019.132.1
  address: 392 Richmond Hill Rd, Richmond Hill 2480 NSW
  description: DA19/132 - 392 Richmond Hill Road - Shed
  info_url: https://tracker.lismore.nsw.gov.au/Application/ApplicationDetails/010.2019.00000132.001
  date_scraped: '2019-05-14'
  date_received: '2019-04-24'
- council_reference: 10.2019.135.1
  address: 5 Vintage Dr, Chilcotts Grass 2480 NSW
  description: DA19/135 - 5 Vintage Drive - Extension to existing garage
  info_url: https://tracker.lismore.nsw.gov.au/Application/ApplicationDetails/010.2019.00000135.001
  date_scraped: '2019-05-14'
  date_received: '2019-04-26'
- council_reference: 10.2019.136.1
  address: 37 Lomandra Ave, Caniaba 2480 NSW
  description: 37 Lomandra Avenue Caniaba - Dwelling(CC No.190192/01)
  info_url: https://tracker.lismore.nsw.gov.au/Application/ApplicationDetails/010.2019.00000136.001
  date_scraped: '2019-05-14'
  date_received: '2019-05-08'
- council_reference: 10.2019.139.1
  address: 33 City View Dr, East Lismore 2480 NSW
  description: DA19/139 - 33 City Drive - Covered timber deck
  info_url: https://tracker.lismore.nsw.gov.au/Application/ApplicationDetails/010.2019.00000139.001
  date_scraped: '2019-05-14'
  date_received: '2019-04-29'
- council_reference: 10.2019.141.1
  address: 1/7 Pineview Dr, Goonellabah 2480 NSW
  description: DA19/141 - 1/7 Pineview Drive - Carport with a BLV to 4m
  info_url: https://tracker.lismore.nsw.gov.au/Application/ApplicationDetails/010.2019.00000141.001
  date_scraped: '2019-05-14'
  date_received: '2019-05-01'
- council_reference: 10.2019.143.1
  address: 28 Elton St, Girards Hill 2480 NSW
  description: DA19/143 - 28 Elton Street - Carport
  info_url: https://tracker.lismore.nsw.gov.au/Application/ApplicationDetails/010.2019.00000143.001
  date_scraped: '2019-05-14'
  date_received: '2019-05-01'
- council_reference: 10.2019.144.1
  address: 50 Dunromin Dr, Modanville 2480 NSW
  description: DA19/144 - 50 Dunromin Drive - Shed
  info_url: https://tracker.lismore.nsw.gov.au/Application/ApplicationDetails/010.2019.00000144.001
  date_scraped: '2019-05-14'
  date_received: '2019-05-03'
- council_reference: 10.2019.145.1
  address: 25 Lomandra Ave, Caniaba 2480 NSW
  description: Shed
  info_url: https://tracker.lismore.nsw.gov.au/Application/ApplicationDetails/010.2019.00000145.001
  date_scraped: '2019-05-14'
  date_received: '2019-05-06'
- council_reference: 10.2019.147.1
  address: 284 Cameron Rd, Mcleans Ridges 2480 NSW
  description: DA19/147 - 284 Cameron Road - Inground Swimming Pool
  info_url: https://tracker.lismore.nsw.gov.au/Application/ApplicationDetails/010.2019.00000147.001
  date_scraped: '2019-05-14'
  date_received: '2019-05-07'
- council_reference: 10.2019.148.1
  address: 137 Leeson Rd, Whian Whian 2480 NSW
  description: DA19/148 - 137 Leeson Road - Farm shed
  info_url: https://tracker.lismore.nsw.gov.au/Application/ApplicationDetails/010.2019.00000148.001
  date_scraped: '2019-05-14'
  date_received: '2019-05-07'
- council_reference: 10.2019.150.1
  address: 894 Nimbin Rd, Goolmangar 2480 NSW
  description: DA19/150 - Carport and Dwelling additions
  info_url: https://tracker.lismore.nsw.gov.au/Application/ApplicationDetails/010.2019.00000150.001
  date_scraped: '2019-05-14'
  date_received: '2019-05-08'
- council_reference: 10.2019.153.1
  address: 23 Emily St, Wyrallah 2480 NSW
  description: DA19/153- 23 Emily St, Wyrallah - Garage
  info_url: https://tracker.lismore.nsw.gov.au/Application/ApplicationDetails/010.2019.00000153.001
  date_scraped: '2019-05-14'
  date_received: '2019-05-10'
- council_reference: 10.2019.154.1
  address: 1281 Jiggi Rd, Jiggi 2480 NSW
  description: DA19/154 - 1281 Jiggi Road - Inground swimming pool
  info_url: https://tracker.lismore.nsw.gov.au/Application/ApplicationDetails/010.2019.00000154.001
  date_scraped: '2019-05-14'
  date_received: '2019-05-10'
- council_reference: 10.2019.156.1
  address: 5 Napier St, Goonellabah 2480 NSW
  description: DA19/156 - 5 Napier Street - Carport (detached)
  info_url: https://tracker.lismore.nsw.gov.au/Application/ApplicationDetails/010.2019.00000156.001
  date_scraped: '2019-05-14'
  date_received: '2019-05-10'
- council_reference: 10.2019.157.1
  address: 134 Crofton Rd, Nimbin 2480 NSW
  description: DA19/157 - 134 Crofton Road, Nimbin - Detached dual occ and expanded
  info_url: https://tracker.lismore.nsw.gov.au/Application/ApplicationDetails/010.2019.00000157.001
  date_scraped: '2019-05-14'
  date_received: '2019-05-13'
- council_reference: 10.2019.161.1
  address: 16 Julieanne Pl, Bexhill 2480 NSW
  description: DA19/151- Dwelling and Garage with Attached Carport
  info_url: https://tracker.lismore.nsw.gov.au/Application/ApplicationDetails/010.2019.00000161.001
  date_scraped: '2019-05-14'
  date_received: '2019-05-14'
- council_reference: 10.2019.85.1
  address: 47 Palmers Rd, Mcleans Ridges 2480 NSW
  description: DA19/85 - 47 Palmers Road - Alterations and additions & BLV
  info_url: https://tracker.lismore.nsw.gov.au/Application/ApplicationDetails/010.2019.00000085.001
  date_scraped: '2019-05-14'
  date_received: '2019-05-13'
- council_reference: 13.2005.894.1
  address: 52 Gundurimba Rd, Monaltrie 2480 NSW
  description: DA05/894 - 52 and 72 Gundurimba Road - Subdivision Certificate
  info_url: https://tracker.lismore.nsw.gov.au/Application/ApplicationDetails/013.2005.00000894.001
  date_scraped: '2019-05-14'
  date_received: '2019-05-07'
- council_reference: 13.2014.327.1
  address: 79 Esmonde St, Girards Hill 2480 NSW
  description: DA14/327 - 79 Esmonde Street - Subdivision (to create 2 lots) SEE MEMO
  info_url: https://tracker.lismore.nsw.gov.au/Application/ApplicationDetails/013.2014.00000327.001
  date_scraped: '2019-05-14'
  date_received: '2019-05-08'
- council_reference: 13.2018.396.1
  address: 39 Phillip St, Goonellabah 2480 NSW
  description: DA18/396 - 39 Phillip Street - Subdivision
  info_url: https://tracker.lismore.nsw.gov.au/Application/ApplicationDetails/013.2018.00000396.001
  date_scraped: '2019-05-14'
  date_received: '2019-05-07'
- council_reference: 13.2019.160.1
  address: 155 Cross Rd, Numulgi 2480 NSW
  description: Subdivision Cert NO DA
  info_url: https://tracker.lismore.nsw.gov.au/Application/ApplicationDetails/013.2019.00000160.001
  date_scraped: '2019-05-14'
  date_received: '2019-05-14'
- council_reference: 5.1988.330.3
  address: 110 Chelmsford Rd, Rock Valley 2480 NSW
  description: Section 4.55(1A) modification to amend the wording on the consent
  info_url: https://tracker.lismore.nsw.gov.au/Application/ApplicationDetails/005.1988.00000330.003
  date_scraped: '2019-05-14'
  date_received: '2019-05-09'
- council_reference: 5.2006.672.2
  address: 135 Three Chain Rd, South Lismore 2480 NSW
  description: Section 4.55(2) to modify approved extractive industry
  info_url: https://tracker.lismore.nsw.gov.au/Application/ApplicationDetails/005.2006.00000672.002
  date_scraped: '2019-05-14'
  date_received: '2019-04-29'
- council_reference: 5.2018.147.2
  address: 24 John O'neill Cct, Goonellabah 2480 NSW
  description: S4.55(1A) modification to condition 11 regarding location of fence
  info_url: https://tracker.lismore.nsw.gov.au/Application/ApplicationDetails/005.2018.00000147.002
  date_scraped: '2019-05-14'
  date_received: '2019-05-03'
- council_reference: 5.2018.301.2
  address: 1 Little Dawson St, Lismore 2480 NSW
  description: S4.55(1A) application to modify consent
  info_url: https://tracker.lismore.nsw.gov.au/Application/ApplicationDetails/005.2018.00000301.002
  date_scraped: '2019-05-14'
  date_received: '2019-05-08'
- council_reference: 5.2018.338.2
  address: 46 Tulsi Lane, Nimbin 2480 NSW
  description: S4.55 Modification to internal layout, windows, deck and tanks
  info_url: https://tracker.lismore.nsw.gov.au/Application/ApplicationDetails/005.2018.00000338.002
  date_scraped: '2019-05-14'
  date_received: '2019-05-07'
- council_reference: 5.2019.119.1
  address: 31 Ewing St, Lismore 2480 NSW
  description: DA19/119 - 31 Ewing Street - Alterations and additions
  info_url: https://tracker.lismore.nsw.gov.au/Application/ApplicationDetails/005.2019.00000119.001
  date_scraped: '2019-05-14'
  date_received: '2019-04-15'
- council_reference: 5.2019.120.1
  address: 74 James St, Dunoon 2480 NSW
  description: DA19/120 - 74 James Street - Dwelling alterations, additions and pool
  info_url: https://tracker.lismore.nsw.gov.au/Application/ApplicationDetails/005.2019.00000120.001
  date_scraped: '2019-05-14'
  date_received: '2019-04-15'
- council_reference: 5.2019.121.1
  address: 52 O'flynn St, Lismore Heights 2480 NSW
  description: DA19/121 - 52 O'Flynn Street - Secondary Dwelling
  info_url: https://tracker.lismore.nsw.gov.au/Application/ApplicationDetails/005.2019.00000121.001
  date_scraped: '2019-05-14'
  date_received: '2019-04-15'
- council_reference: 5.2019.122.1
  address: 31 City View Dr, East Lismore 2480 NSW
  description: DA19/122 - 31 City View Drive - Carport with BLV
  info_url: https://tracker.lismore.nsw.gov.au/Application/ApplicationDetails/005.2019.00000122.001
  date_scraped: '2019-05-14'
  date_received: '2019-04-16'
- council_reference: 5.2019.123.1
  address: 20 Renwick St, Lismore Heights 2480 NSW
  description: DA19/123 - 20 Renwick St - Dwelling alterations, additions and pool
  info_url: https://tracker.lismore.nsw.gov.au/Application/ApplicationDetails/005.2019.00000123.001
  date_scraped: '2019-05-14'
  date_received: '2019-04-16'
- council_reference: 5.2019.124.1
  address: 1 Lychee Dr, Rosebank 2480 NSW
  description: DA19/124 - 1 Lychee Drive - Dwelling
  info_url: https://tracker.lismore.nsw.gov.au/Application/ApplicationDetails/005.2019.00000124.001
  date_scraped: '2019-05-14'
  date_received: '2019-04-16'
- council_reference: 5.2019.125.1
  address: 20 Henson Rd, Wyrallah 2480 NSW
  description: DA19/125 - 20 Henson Road - Community Title Subdivision
  info_url: https://tracker.lismore.nsw.gov.au/Application/ApplicationDetails/005.2019.00000125.001
  date_scraped: '2019-05-14'
  date_received: '2019-04-17'
- council_reference: 5.2019.126.1
  address: 18 Wade St, East Lismore 2480 NSW
  description: DA19/126 - 18 Wade Street - Additions and alterations
  info_url: https://tracker.lismore.nsw.gov.au/Application/ApplicationDetails/005.2019.00000126.001
  date_scraped: '2019-05-14'
  date_received: '2019-04-17'
- council_reference: 5.2019.127.1
  address: 18 Satinwood Dr, Mcleans Ridges 2480 NSW
  description: DA19/127 - 18 Satinwood Drive - Dwelling additons and alterations
  info_url: https://tracker.lismore.nsw.gov.au/Application/ApplicationDetails/005.2019.00000127.001
  date_scraped: '2019-05-14'
  date_received: '2019-04-18'
- council_reference: 5.2019.128.1
  address: 52 Bridge St, Wyrallah 2480 NSW
  description: DA19/128 - 52 Bridge Street - Dwelling
  info_url: https://tracker.lismore.nsw.gov.au/Application/ApplicationDetails/005.2019.00000128.001
  date_scraped: '2019-05-14'
  date_received: '2019-04-18'
- council_reference: 5.2019.129.1
  address: 127 Terania St, North Lismore 2480 NSW
  description: DA19/129 - 127 Terania St - Front fence (1.8m spear top panel fence)
  info_url: https://tracker.lismore.nsw.gov.au/Application/ApplicationDetails/005.2019.00000129.001
  date_scraped: '2019-05-14'
  date_received: '2019-04-23'
- council_reference: 5.2019.130.1
  address: 24 Earls Ct, Goonellabah 2480 NSW
  description: DA19/130 - 24 Earls Court - Dwelling and retaining walls
  info_url: https://tracker.lismore.nsw.gov.au/Application/ApplicationDetails/005.2019.00000130.001
  date_scraped: '2019-05-14'
  date_received: '2019-04-23'
- council_reference: 5.2019.131.1
  address: 41 Deloraine Rd, Lismore Heights 2480 NSW
  description: DA19/131 - 41 Deloraine Road - Extension to retaining wall and blv
  info_url: https://tracker.lismore.nsw.gov.au/Application/ApplicationDetails/005.2019.00000131.001
  date_scraped: '2019-05-14'
  date_received: '2019-04-23'
- council_reference: 5.2019.132.1
  address: 392 Richmond Hill Rd, Richmond Hill 2480 NSW
  description: DA19/132 - 392 Richmond Hill Road - Shed
  info_url: https://tracker.lismore.nsw.gov.au/Application/ApplicationDetails/005.2019.00000132.001
  date_scraped: '2019-05-14'
  date_received: '2019-04-24'
- council_reference: 5.2019.133.1
  address: 18 Grace Rd, Bexhill 2480 NSW
  description: DA19/133 - 18 Grace Road - Secondary dwelling and retaining walls
  info_url: https://tracker.lismore.nsw.gov.au/Application/ApplicationDetails/005.2019.00000133.001
  date_scraped: '2019-05-14'
  date_received: '2019-04-24'
- council_reference: 5.2019.134.1
  address: 11 Wyrallah Rd, Girards Hill 2480 NSW
  description: DA19/134 - 11 Wyrallah Road - Removal of a tree in a Heritage area
  info_url: https://tracker.lismore.nsw.gov.au/Application/ApplicationDetails/005.2019.00000134.001
  date_scraped: '2019-05-14'
  date_received: '2019-04-24'
- council_reference: 5.2019.135.1
  address: 5 Vintage Dr, Chilcotts Grass 2480 NSW
  description: DA19/135 - 5 Vintage Drive - Dwelling addition (garage extension)
  info_url: https://tracker.lismore.nsw.gov.au/Application/ApplicationDetails/005.2019.00000135.001
  date_scraped: '2019-05-14'
  date_received: '2019-04-26'
- council_reference: 5.2019.136.1
  address: 37 Lomandra Ave, Caniaba 2480 NSW
  description: 37 Lomandra Avenue Caniaba - Dwelling
  info_url: https://tracker.lismore.nsw.gov.au/Application/ApplicationDetails/005.2019.00000136.001
  date_scraped: '2019-05-14'
  date_received: '2019-04-26'
- council_reference: 5.2019.137.1
  address: 97 Pineapple Rd, Goonellabah 2480 NSW
  description: DA19/137 - 97 Pineapple Rd - Subdivision to create one additional lot
  info_url: https://tracker.lismore.nsw.gov.au/Application/ApplicationDetails/005.2019.00000137.001
  date_scraped: '2019-05-14'
  date_received: '2019-04-26'
- council_reference: 5.2019.138.1
  address: 3 Ewandale Cl, Clunes 2480 NSW
  description: DA19/138 - 3 Ewandale Close - Inground swimming pool
  info_url: https://tracker.lismore.nsw.gov.au/Application/ApplicationDetails/005.2019.00000138.001
  date_scraped: '2019-05-14'
  date_received: '2019-04-26'
- council_reference: 5.2019.139.1
  address: 33 City View Dr, East Lismore 2480 NSW
  description: DA19/139 - 33 City Drive - Covered timber deck
  info_url: https://tracker.lismore.nsw.gov.au/Application/ApplicationDetails/005.2019.00000139.001
  date_scraped: '2019-05-14'
  date_received: '2019-04-29'
- council_reference: 5.2019.140.1
  address: 57 Waratah Way, Goonellabah 2480 NSW
  description: DA19/140 - 57 Waratah Way - Dwelling (two storey)
  info_url: https://tracker.lismore.nsw.gov.au/Application/ApplicationDetails/005.2019.00000140.001
  date_scraped: '2019-05-14'
  date_received: '2019-05-01'
- council_reference: 5.2019.141.1
  address: 1/7 Pineview Dr, Goonellabah 2480 NSW
  description: DA19/141 - 1/7 Pineview Drive - Carport with a BLV to 4m
  info_url: https://tracker.lismore.nsw.gov.au/Application/ApplicationDetails/005.2019.00000141.001
  date_scraped: '2019-05-14'
  date_received: '2019-05-01'
- council_reference: 5.2019.142.1
  address: 14/126 Molesworth St, Lismore 2480 NSW
  description: DA19/142 - 14/126 Molesworth Street - Change of use to a beauty salon
  info_url: https://tracker.lismore.nsw.gov.au/Application/ApplicationDetails/005.2019.00000142.001
  date_scraped: '2019-05-14'
  date_received: '2019-05-01'
- council_reference: 5.2019.143.1
  address: 28 Elton St, Girards Hill 2480 NSW
  description: DA19/143 - 28 Elton Street - Carport and fence with BLV
  info_url: https://tracker.lismore.nsw.gov.au/Application/ApplicationDetails/005.2019.00000143.001
  date_scraped: '2019-05-14'
  date_received: '2019-05-01'
- council_reference: 5.2019.144.1
  address: 50 Dunromin Dr, Modanville 2480 NSW
  description: DA19/144 - 50 Dunromin Drive - Shed
  info_url: https://tracker.lismore.nsw.gov.au/Application/ApplicationDetails/005.2019.00000144.001
  date_scraped: '2019-05-14'
  date_received: '2019-05-03'
- council_reference: 5.2019.145.1
  address: 25 Lomandra Ave, Caniaba 2480 NSW
  description: Shed
  info_url: https://tracker.lismore.nsw.gov.au/Application/ApplicationDetails/005.2019.00000145.001
  date_scraped: '2019-05-14'
  date_received: '2019-05-06'
- council_reference: 5.2019.146.1
  address: 285 Rous Rd, Chilcotts Grass 2480 NSW
  description: DA19/146 - 285 Rous Rd - Detached Dual Occupancy and removal of 4 tree
  info_url: https://tracker.lismore.nsw.gov.au/Application/ApplicationDetails/005.2019.00000146.001
  date_scraped: '2019-05-14'
  date_received: '2019-05-06'
- council_reference: 5.2019.147.1
  address: 284 Cameron Rd, Mcleans Ridges 2480 NSW
  description: DA19/147 - 284 Cameron Road - Inground Swimming Pool
  info_url: https://tracker.lismore.nsw.gov.au/Application/ApplicationDetails/005.2019.00000147.001
  date_scraped: '2019-05-14'
  date_received: '2019-05-07'
- council_reference: 5.2019.148.1
  address: 137 Leeson Rd, Whian Whian 2480 NSW
  description: DA19/148 - 137 Leeson Road - Farm shed
  info_url: https://tracker.lismore.nsw.gov.au/Application/ApplicationDetails/005.2019.00000148.001
  date_scraped: '2019-05-14'
  date_received: '2019-05-07'
- council_reference: 5.2019.149.1
  address: 76 Cullen St, Nimbin 2480 NSW
  description: DA19/149 - 76 Cullen Street - Change of use
  info_url: https://tracker.lismore.nsw.gov.au/Application/ApplicationDetails/005.2019.00000149.001
  date_scraped: '2019-05-14'
  date_received: '2019-05-08'
- council_reference: 5.2019.150.1
  address: 894 Nimbin Rd, Goolmangar 2480 NSW
  description: DA19/150 - Carport and Dwelling additions
  info_url: https://tracker.lismore.nsw.gov.au/Application/ApplicationDetails/005.2019.00000150.001
  date_scraped: '2019-05-14'
  date_received: '2019-05-08'
- council_reference: 5.2019.151.1
  address: 106 Union St, South Lismore 2480 NSW
  description: DA19/151 -Storage Premises
  info_url: https://tracker.lismore.nsw.gov.au/Application/ApplicationDetails/005.2019.00000151.001
  date_scraped: '2019-05-14'
  date_received: '2019-05-10'
- council_reference: 5.2019.152.1
  address: 101 James St, Dunoon 2480 NSW
  description: DA19/152 - 101 & 103 James Street - Strata Subdivision, create 2 lots
  info_url: https://tracker.lismore.nsw.gov.au/Application/ApplicationDetails/005.2019.00000152.001
  date_scraped: '2019-05-14'
  date_received: '2019-05-10'
- council_reference: 5.2019.153.1
  address: 23 Emily St, Wyrallah 2480 NSW
  description: DA19/153- 23 Emily St Wyrallah - Garage
  info_url: https://tracker.lismore.nsw.gov.au/Application/ApplicationDetails/005.2019.00000153.001
  date_scraped: '2019-05-14'
  date_received: '2019-05-10'
- council_reference: 5.2019.154.1
  address: 1281 Jiggi Rd, Jiggi 2480 NSW
  description: DA19/154 - 1281 Jiggi Road - Inground swimming pool
  info_url: https://tracker.lismore.nsw.gov.au/Application/ApplicationDetails/005.2019.00000154.001
  date_scraped: '2019-05-14'
  date_received: '2019-05-10'
- council_reference: 5.2019.155.1
  address: 657 Corndale Rd, Corndale 2480 NSW
  description: DA19/155 - 657 Corndale Road - Detached dual occupancy
  info_url: https://tracker.lismore.nsw.gov.au/Application/ApplicationDetails/005.2019.00000155.001
  date_scraped: '2019-05-14'
  date_received: '2019-05-10'
- council_reference: 5.2019.156.1
  address: 5 Napier St, Goonellabah 2480 NSW
  description: DA19/156 - 5 Napier Street - Carport (detached)
  info_url: https://tracker.lismore.nsw.gov.au/Application/ApplicationDetails/005.2019.00000156.001
  date_scraped: '2019-05-14'
  date_received: '2019-05-10'
- council_reference: 5.2019.157.1
  address: 134 Crofton Rd, Nimbin 2480 NSW
  description: DA19/157 - 134 Crofton Road, Nimbin - Detached dual occ and expanded
  info_url: https://tracker.lismore.nsw.gov.au/Application/ApplicationDetails/005.2019.00000157.001
  date_scraped: '2019-05-14'
  date_received: '2019-05-13'
- council_reference: 5.2019.158.1
  address: 37 Just St, Goonellabah 2480 NSW
  description: DA19/158 - 37 Just Street - Dwelling
  info_url: https://tracker.lismore.nsw.gov.au/Application/ApplicationDetails/005.2019.00000158.001
  date_scraped: '2019-05-14'
  date_received: '2019-05-13'
- council_reference: 5.2019.159.1
  address: 18 Highview Cres, Modanville 2480 NSW
  description: DA19/159 - 18 Highview Crescent - Secondary dwelling
  info_url: https://tracker.lismore.nsw.gov.au/Application/ApplicationDetails/005.2019.00000159.001
  date_scraped: '2019-05-14'
  date_received: '2019-05-14'
- council_reference: 5.2019.160.1
  address: 155 Cross Rd, Numulgi 2480 NSW
  description: Subdivision Cert NO DA
  info_url: https://tracker.lismore.nsw.gov.au/Application/ApplicationDetails/005.2019.00000160.001
  date_scraped: '2019-05-14'
  date_received: '2019-05-14'
- council_reference: 5.2019.161.1
  address: 16 Julieanne Pl, Bexhill 2480 NSW
  description: DA19/161- Dwelling and Garage with Attached Carport
  info_url: https://tracker.lismore.nsw.gov.au/Application/ApplicationDetails/005.2019.00000161.001
  date_scraped: '2019-05-14'
  date_received: '2019-05-14'
- council_reference: 5.2019.162.1
  address: 36 Zadoc St, Lismore 2480 NSW
  description: DA19/162 - 39 Zadoc Street - Garage and carport
  info_url: https://tracker.lismore.nsw.gov.au/Application/ApplicationDetails/005.2019.00000162.001
  date_scraped: '2019-05-14'
  date_received: '2019-05-14'
- council_reference: 8.2019.6.1
  address: 11 D'arcy Dr, Goonellabah 2480 NSW
  description: CDAD19/6 - 11 Darcy Drive - Patio enclosure
  info_url: https://tracker.lismore.nsw.gov.au/Application/ApplicationDetails/008.2019.00000006.001
  date_scraped: '2019-05-14'
  date_received: '2019-04-30'
