---
- council_reference: 10.2017.217.2
  address: 12 Pyrus Av, Branxton 2335 NSW
  description: Modification - Shed Ancillary to Dwelling House
  info_url: https://datracker.singleton.nsw.gov.au:444/Application/ApplicationDetails/010.2017.00000217.002
  date_scraped: '2019-05-14'
  date_received: '2019-04-30'
- council_reference: 10.2017.248.2
  address: 361 Westbrook Rd, Westbrook 2330 NSW
  description: Modification - Delete Alfresco area to north of building
  info_url: https://datracker.singleton.nsw.gov.au:444/Application/ApplicationDetails/010.2017.00000248.002
  date_scraped: '2019-05-14'
  date_received: '2019-05-14'
- council_reference: 10.2018.293.1
  address: 300 Cranky Corner - Nth End Rd, Glendon Brook 2330 NSW
  description: Stage 1 - Small Dwelling and Ancillary Shed
  info_url: https://datracker.singleton.nsw.gov.au:444/Application/ApplicationDetails/010.2018.00000293.001
  date_scraped: '2019-05-14'
  date_received: '2019-04-15'
- council_reference: 10.2018.309.1
  address: 4 St Davids Cl, Gowrie 2330 NSW
  description: Dwelling House
  info_url: https://datracker.singleton.nsw.gov.au:444/Application/ApplicationDetails/010.2018.00000309.001
  date_scraped: '2019-05-14'
  date_received: '2019-04-15'
- council_reference: 10.2018.311.1
  address: 4A Harrowby St, Broke 2330 NSW
  description: Shed Ancillary to Dwelling House
  info_url: https://datracker.singleton.nsw.gov.au:444/Application/ApplicationDetails/010.2018.00000311.001
  date_scraped: '2019-05-14'
  date_received: '2019-04-15'
- council_reference: 10.2018.317.1
  address: 264C Mitchells Flat Rd, Mitchells Flat 2330 NSW
  description: Dwelling House
  info_url: https://datracker.singleton.nsw.gov.au:444/Application/ApplicationDetails/010.2018.00000317.001
  date_scraped: '2019-05-14'
  date_received: '2019-05-03'
- council_reference: 10.2018.319.1
  address: 33 Dimmock St, Hunterview 2330 NSW
  description: Dwelling House & Retaining Wall
  info_url: https://datracker.singleton.nsw.gov.au:444/Application/ApplicationDetails/010.2018.00000319.001
  date_scraped: '2019-05-14'
  date_received: '2019-04-15'
- council_reference: 10.2018.39.1
  address: 489 Roswill Dr, Putty 2330 NSW
  description: Dwelling House ONLY
  info_url: https://datracker.singleton.nsw.gov.au:444/Application/ApplicationDetails/010.2018.00000039.001
  date_scraped: '2019-05-14'
  date_received: '2019-04-23'
- council_reference: 10.2019.13.1
  address: 15 Kennedy St, Singleton 2330 NSW
  description: Dual Occupancy and Strata Subdivision
  info_url: https://datracker.singleton.nsw.gov.au:444/Application/ApplicationDetails/010.2019.00000013.001
  date_scraped: '2019-05-14'
  date_received: '2019-05-02'
- council_reference: 10.2019.18.1
  address: 3193H New England Hwy, Belford 2335 NSW
  description: Dual Occupancy
  info_url: https://datracker.singleton.nsw.gov.au:444/Application/ApplicationDetails/010.2019.00000018.001
  date_scraped: '2019-05-14'
  date_received: '2019-04-29'
- council_reference: 10.2019.32.1
  address: 95 Minimbah Dr, Whittingham 2330 NSW
  description: Dwelling House
  info_url: https://datracker.singleton.nsw.gov.au:444/Application/ApplicationDetails/010.2019.00000032.001
  date_scraped: '2019-05-14'
  date_received: '2019-04-23'
- council_reference: 10.2019.50.1
  address: 23 Monterey Rd, Hunterview 2330 NSW
  description: Dwelling House
  info_url: https://datracker.singleton.nsw.gov.au:444/Application/ApplicationDetails/010.2019.00000050.001
  date_scraped: '2019-05-14'
  date_received: '2019-04-30'
- council_reference: 10.2019.52.1
  address: 28 Broughton St, Singleton 2330 NSW
  description: Alterations to Existing Dwelling & New Carport
  info_url: https://datracker.singleton.nsw.gov.au:444/Application/ApplicationDetails/010.2019.00000052.001
  date_scraped: '2019-05-14'
  date_received: '2019-05-03'
- council_reference: 10.2019.68.1
  address: 16 Lester Cl, Wattle Ponds 2330 NSW
  description: Shed
  info_url: https://datracker.singleton.nsw.gov.au:444/Application/ApplicationDetails/010.2019.00000068.001
  date_scraped: '2019-05-14'
  date_received: '2019-04-16'
- council_reference: 10.2019.76.1
  address: 7 Eyre Cl, Singleton Heights 2330 NSW
  description: Carport
  info_url: https://datracker.singleton.nsw.gov.au:444/Application/ApplicationDetails/010.2019.00000076.001
  date_scraped: '2019-05-14'
  date_received: '2019-04-23'
- council_reference: 10.2019.77.1
  address: 42 Robertson Cct, Sedgefield 2330 NSW
  description: Sheds and Horse Shelter
  info_url: https://datracker.singleton.nsw.gov.au:444/Application/ApplicationDetails/010.2019.00000077.001
  date_scraped: '2019-05-14'
  date_received: '2019-04-24'
- council_reference: 10.2019.79.1
  address: 411 Scotts Flat Rd, Scotts Flat 2330 NSW
  description: Farm Building
  info_url: https://datracker.singleton.nsw.gov.au:444/Application/ApplicationDetails/010.2019.00000079.001
  date_scraped: '2019-05-14'
  date_received: '2019-04-29'
- council_reference: 10.2019.82.1
  address: 8 Lloyd Jones Dr, Singleton Heights 2330 NSW
  description: Shed
  info_url: https://datracker.singleton.nsw.gov.au:444/Application/ApplicationDetails/010.2019.00000082.001
  date_scraped: '2019-05-14'
  date_received: '2019-04-30'
- council_reference: 10.2019.85.1
  address: 12 Brooker Cl, Hunterview 2330 NSW
  description: Shed
  info_url: https://datracker.singleton.nsw.gov.au:444/Application/ApplicationDetails/010.2019.00000085.001
  date_scraped: '2019-05-14'
  date_received: '2019-05-06'
- council_reference: 10.2019.86.1
  address: 3 Piribil St, Jerrys Plains 2330 NSW
  description: Dwelling House
  info_url: https://datracker.singleton.nsw.gov.au:444/Application/ApplicationDetails/010.2019.00000086.001
  date_scraped: '2019-05-14'
  date_received: '2019-05-07'
- council_reference: 10.2019.88.1
  address: 9 Grande Cl, Hunterview 2330 NSW
  description: Shed
  info_url: https://datracker.singleton.nsw.gov.au:444/Application/ApplicationDetails/010.2019.00000088.001
  date_scraped: '2019-05-14'
  date_received: '2019-05-09'
- council_reference: 10.2019.9.1
  address: 128 Blaxland Av, Singleton Heights 2330 NSW
  description: Signage Ancillary to Existing Aged Care Facility
  info_url: https://datracker.singleton.nsw.gov.au:444/Application/ApplicationDetails/010.2019.00000009.001
  date_scraped: '2019-05-14'
  date_received: '2019-05-07'
- council_reference: 10.2019.90.1
  address: Elderslie Rd, Mitchells Flat 2330 NSW
  description: Dwelling House
  info_url: https://datracker.singleton.nsw.gov.au:444/Application/ApplicationDetails/010.2019.00000090.001
  date_scraped: '2019-05-14'
  date_received: '2019-05-10'
- council_reference: 12.2017.196.1
  address: 27 Kirkwood Pl, Branxton 2335 NSW
  description: Dwelling House
  info_url: https://datracker.singleton.nsw.gov.au:444/Application/ApplicationDetails/012.2017.00000196.001
  date_scraped: '2019-05-14'
  date_received: '2019-05-09'
- council_reference: 12.2018.20.1
  address: 75 Benjamin Cct, Hunterview 2330 NSW
  description: Dwelling House
  info_url: https://datracker.singleton.nsw.gov.au:444/Application/ApplicationDetails/012.2018.00000020.001
  date_scraped: '2019-05-14'
  date_received: '2019-04-17'
- council_reference: 12.2018.306.1
  address: 587 Wollombi Rd, Broke 2330 NSW
  description: Swimming Pool Ancillary to Dwelling House
  info_url: https://datracker.singleton.nsw.gov.au:444/Application/ApplicationDetails/012.2018.00000306.001
  date_scraped: '2019-05-14'
  date_received: '2019-05-10'
- council_reference: 12.2018.32.1
  address: 19 Dimmock St, Hunterview 2330 NSW
  description: Dwelling House
  info_url: https://datracker.singleton.nsw.gov.au:444/Application/ApplicationDetails/012.2018.00000032.001
  date_scraped: '2019-05-14'
  date_received: '2019-05-08'
- council_reference: 12.2018.49.1
  address: 167 Maison Dieu Rd, Gowrie 2330 NSW
  description: Alterations and Additions to Exisitng Industrial Building
  info_url: https://datracker.singleton.nsw.gov.au:444/Application/ApplicationDetails/012.2018.00000049.001
  date_scraped: '2019-05-14'
  date_received: '2019-05-02'
- council_reference: 12.2018.51.2
  address: 12B Pepper Cl, Hunterview 2330 NSW
  description: Dwelling House
  info_url: https://datracker.singleton.nsw.gov.au:444/Application/ApplicationDetails/012.2018.00000051.002
  date_scraped: '2019-05-14'
  date_received: '2019-05-09'
- council_reference: 15.2019.34.1
  address: 103 Minimbah Dr, Whittingham 2330 NSW
  description: Septic Tank
  info_url: https://datracker.singleton.nsw.gov.au:444/Application/ApplicationDetails/015.2019.00000034.001
  date_scraped: '2019-05-14'
  date_received: '2019-04-17'
- council_reference: 15.2019.35.1
  address: 3 Dunn Cl, Camberwell 2330 NSW
  description: 3 Dunn Close - Septic Tank
  info_url: https://datracker.singleton.nsw.gov.au:444/Application/ApplicationDetails/015.2019.00000035.001
  date_scraped: '2019-05-14'
  date_received: '2019-04-17'
- council_reference: 15.2019.36.1
  address: 2 Alpha St, Camberwell 2330 NSW
  description: 2 Alpha Street - Septic
  info_url: https://datracker.singleton.nsw.gov.au:444/Application/ApplicationDetails/015.2019.00000036.001
  date_scraped: '2019-05-14'
  date_received: '2019-04-17'
- council_reference: 15.2019.37.1
  address: 26 Kirkwood Pl, Branxton 2335 NSW
  description: OSSM
  info_url: https://datracker.singleton.nsw.gov.au:444/Application/ApplicationDetails/015.2019.00000037.001
  date_scraped: '2019-05-14'
  date_received: '2019-04-23'
- council_reference: 15.2019.38.1
  address: 42 Robertson Cct, Sedgefield 2330 NSW
  description: OSSM - 8.2019.59.1
  info_url: https://datracker.singleton.nsw.gov.au:444/Application/ApplicationDetails/015.2019.00000038.001
  date_scraped: '2019-05-14'
  date_received: '2019-04-24'
- council_reference: 15.2019.40.1
  address: 300 Robertson Cct, Sedgefield 2330 NSW
  description: OSSM
  info_url: https://datracker.singleton.nsw.gov.au:444/Application/ApplicationDetails/015.2019.00000040.001
  date_scraped: '2019-05-14'
  date_received: '2019-05-06'
- council_reference: 15.2019.42.1
  address: Elderslie Rd, Mitchells Flat 2330 NSW
  description: 'DA # 8.2019.90.1'
  info_url: https://datracker.singleton.nsw.gov.au:444/Application/ApplicationDetails/015.2019.00000042.001
  date_scraped: '2019-05-14'
  date_received: '2019-05-10'
- council_reference: 15.2019.43.1
  address: 803 Mirannie Rd, Reedy Creek 2330 NSW
  description: OSSM - 8.2019.94.1
  info_url: https://datracker.singleton.nsw.gov.au:444/Application/ApplicationDetails/015.2019.00000043.001
  date_scraped: '2019-05-14'
  date_received: '2019-05-14'
- council_reference: 8.1997.206.1
  address: Maskey Rd, Mount Thorley 2330 NSW
  description: Alteration ot Emulsion Manufacturing building (Modification 3)
  info_url: https://datracker.singleton.nsw.gov.au:444/Application/ApplicationDetails/008.1997.00000206.001
  date_scraped: '2019-05-14'
  date_received: '2019-05-09'
- council_reference: 8.2004.769.4
  address: 66 Adams Peak Rd, Broke 2330 NSW
  description: Removal of Farm Managers Residence and Change of Use from Dwelling
    to Farm Managers Residence
  info_url: https://datracker.singleton.nsw.gov.au:444/Application/ApplicationDetails/008.2004.00000769.004
  date_scraped: '2019-05-14'
  date_received: '2019-05-06'
- council_reference: 8.2014.64.4
  address: 18 Old North Rd, Pokolbin 2320 NSW
  description: Deletion of Stage 3
  info_url: https://datracker.singleton.nsw.gov.au:444/Application/ApplicationDetails/008.2014.00000064.004
  date_scraped: '2019-05-14'
  date_received: '2019-05-02'
- council_reference: 8.2016.173.3
  address: 74 Lemington Rd, Ravensworth 2330 NSW
  description: S4.55(2) – Modification to allow truck movements to other sites and
    alterations to operating times
  info_url: https://datracker.singleton.nsw.gov.au:444/Application/ApplicationDetails/008.2016.00000173.003
  date_scraped: '2019-05-14'
  date_received: '2019-04-29'
- council_reference: 8.2018.266.2
  address: 229 Wollombi Rd, Broke 2330 NSW
  description: Modification
  info_url: https://datracker.singleton.nsw.gov.au:444/Application/ApplicationDetails/008.2018.00000266.002
  date_scraped: '2019-05-14'
  date_received: '2019-04-29'
- council_reference: 8.2018.272.2
  address: 264 Frost Tr, Bulga 2330 NSW
  description: Modification to dwelling layout
  info_url: https://datracker.singleton.nsw.gov.au:444/Application/ApplicationDetails/008.2018.00000272.002
  date_scraped: '2019-05-14'
  date_received: '2019-05-07'
- council_reference: 8.2019.66.1
  address: 129 John St, Singleton 2330 NSW
  description: Advertising Structure
  info_url: https://datracker.singleton.nsw.gov.au:444/Application/ApplicationDetails/008.2019.00000066.001
  date_scraped: '2019-05-14'
  date_received: '2019-04-15'
- council_reference: 8.2019.68.1
  address: 16 Lester Cl, Wattle Ponds 2330 NSW
  description: Shed
  info_url: https://datracker.singleton.nsw.gov.au:444/Application/ApplicationDetails/008.2019.00000068.001
  date_scraped: '2019-05-14'
  date_received: '2019-04-16'
- council_reference: 8.2019.71.1
  address: 818 Hermitage Rd, Pokolbin 2320 NSW
  description: Change of Use to Tourist and Visitor Accommodation
  info_url: https://datracker.singleton.nsw.gov.au:444/Application/ApplicationDetails/008.2019.00000071.001
  date_scraped: '2019-05-14'
  date_received: '2019-04-15'
- council_reference: 8.2019.72.1
  address: 1586 Mirannie Rd, Reedy Creek 2330 NSW
  description: Dwelling House - Consent Surrendered 25/01/2021
  info_url: https://datracker.singleton.nsw.gov.au:444/Application/ApplicationDetails/008.2019.00000072.001
  date_scraped: '2019-05-14'
  date_received: '2019-04-18'
- council_reference: 8.2019.73.1
  address: 345 Milbrodale Rd, Fordwich 2330 NSW
  description: Dwelling House
  info_url: https://datracker.singleton.nsw.gov.au:444/Application/ApplicationDetails/008.2019.00000073.001
  date_scraped: '2019-05-14'
  date_received: '2019-04-18'
- council_reference: 8.2019.75.1
  address: 17 Pyrus Av, Branxton 2335 NSW
  description: Shed and Tree Removal
  info_url: https://datracker.singleton.nsw.gov.au:444/Application/ApplicationDetails/008.2019.00000075.001
  date_scraped: '2019-05-14'
  date_received: '2019-04-17'
- council_reference: 8.2019.76.1
  address: 7 Eyre Cl, Singleton Heights 2330 NSW
  description: Carport
  info_url: https://datracker.singleton.nsw.gov.au:444/Application/ApplicationDetails/008.2019.00000076.001
  date_scraped: '2019-05-14'
  date_received: '2019-04-23'
- council_reference: 8.2019.77.1
  address: 42 Robertson Cct, Sedgefield 2330 NSW
  description: Two (2) Sheds and Horse Shelter
  info_url: https://datracker.singleton.nsw.gov.au:444/Application/ApplicationDetails/008.2019.00000077.001
  date_scraped: '2019-05-14'
  date_received: '2019-04-24'
- council_reference: 8.2019.78.1
  address: 835 Mitchell Line Of Rd, Mount Thorley 2330 NSW
  description: Electricity Generating Works (Solar)
  info_url: https://datracker.singleton.nsw.gov.au:444/Application/ApplicationDetails/008.2019.00000078.001
  date_scraped: '2019-05-14'
  date_received: '2019-04-29'
- council_reference: 8.2019.79.1
  address: 411 Scotts Flat Rd, Scotts Flat 2330 NSW
  description: Farm Building
  info_url: https://datracker.singleton.nsw.gov.au:444/Application/ApplicationDetails/008.2019.00000079.001
  date_scraped: '2019-05-14'
  date_received: '2019-04-29'
- council_reference: 8.2019.80.1
  address: 18 Blue Cliff Rd, Pokolbin 2320 NSW
  description: Tourist and Visitor Accommodation
  info_url: https://datracker.singleton.nsw.gov.au:444/Application/ApplicationDetails/008.2019.00000080.001
  date_scraped: '2019-05-14'
  date_received: '2019-04-29'
- council_reference: 8.2019.81.1
  address: 31A Lookout Rd, Gowrie 2330 NSW
  description: Inground Pool
  info_url: https://datracker.singleton.nsw.gov.au:444/Application/ApplicationDetails/008.2019.00000081.001
  date_scraped: '2019-05-14'
  date_received: '2019-04-18'
- council_reference: 8.2019.82.1
  address: 8 Lloyd Jones Dr, Singleton Heights 2330 NSW
  description: Shed
  info_url: https://datracker.singleton.nsw.gov.au:444/Application/ApplicationDetails/008.2019.00000082.001
  date_scraped: '2019-05-14'
  date_received: '2019-04-16'
- council_reference: 8.2019.83.1
  address: 32 York St, Singleton 2330 NSW
  description: Alterations and Additions to Dwelling House and Carport
  info_url: https://datracker.singleton.nsw.gov.au:444/Application/ApplicationDetails/008.2019.00000083.001
  date_scraped: '2019-05-14'
  date_received: '2019-04-24'
- council_reference: 8.2019.84.1
  address: 13 The Grove, Hunterview 2330 NSW
  description: Patio
  info_url: https://datracker.singleton.nsw.gov.au:444/Application/ApplicationDetails/008.2019.00000084.001
  date_scraped: '2019-05-14'
  date_received: '2019-05-06'
- council_reference: 8.2019.85.1
  address: 12 Brooker Cl, Hunterview 2330 NSW
  description: Shed ancillary to dwelling house
  info_url: https://datracker.singleton.nsw.gov.au:444/Application/ApplicationDetails/008.2019.00000085.001
  date_scraped: '2019-05-14'
  date_received: '2019-05-06'
- council_reference: 8.2019.87.1
  address: 65 Greenwood Av, Singleton 2330 NSW
  description: Shed
  info_url: https://datracker.singleton.nsw.gov.au:444/Application/ApplicationDetails/008.2019.00000087.001
  date_scraped: '2019-05-14'
  date_received: '2019-05-09'
- council_reference: 8.2019.88.1
  address: 9 Grande Cl, Hunterview 2330 NSW
  description: Shed
  info_url: https://datracker.singleton.nsw.gov.au:444/Application/ApplicationDetails/008.2019.00000088.001
  date_scraped: '2019-05-14'
  date_received: '2019-05-09'
- council_reference: 8.2019.89.1
  address: 7 St Davids Cl, Gowrie 2330 NSW
  description: Dwelling House
  info_url: https://datracker.singleton.nsw.gov.au:444/Application/ApplicationDetails/008.2019.00000089.001
  date_scraped: '2019-05-14'
  date_received: '2019-05-09'
- council_reference: 8.2019.90.1
  address: Elderslie Rd, Mitchells Flat 2330 NSW
  description: Dwelling House
  info_url: https://datracker.singleton.nsw.gov.au:444/Application/ApplicationDetails/008.2019.00000090.001
  date_scraped: '2019-05-14'
  date_received: '2019-05-10'
- council_reference: 8.2019.91.1
  address: 102D Mcmullins Rd, Branxton 2335 NSW
  description: Dual Occupancy (One Existing Dwelling and One Proposed Dwelling)
  info_url: https://datracker.singleton.nsw.gov.au:444/Application/ApplicationDetails/008.2019.00000091.001
  date_scraped: '2019-05-14'
  date_received: '2019-05-10'
- council_reference: 8.2019.92.1
  address: Glennies Creek Rd, Glennies Creek 2330 NSW
  description: Demolition
  info_url: https://datracker.singleton.nsw.gov.au:444/Application/ApplicationDetails/008.2019.00000092.001
  date_scraped: '2019-05-14'
  date_received: '2019-05-10'
- council_reference: 8.2019.93.1
  address: 1378 Bridgman Rd, Bridgman 2330 NSW
  description: Dwelling House
  info_url: https://datracker.singleton.nsw.gov.au:444/Application/ApplicationDetails/008.2019.00000093.001
  date_scraped: '2019-05-14'
  date_received: '2019-05-10'
- council_reference: 8.2019.94.1
  address: 803 Mirannie Rd, Reedy Creek 2330 NSW
  description: Dwelling House
  info_url: https://datracker.singleton.nsw.gov.au:444/Application/ApplicationDetails/008.2019.00000094.001
  date_scraped: '2019-05-14'
  date_received: '2019-05-14'
- council_reference: 9.2019.26.1
  address: 2 Dimmock St, Hunterview 2330 NSW
  description: Dwelling House
  info_url: https://datracker.singleton.nsw.gov.au:444/Application/ApplicationDetails/009.2019.00000026.001
  date_scraped: '2019-05-14'
  date_received: '2019-04-24'
- council_reference: 9.2019.27.1
  address: 9 Lloyd Jones Dr, Singleton Heights 2330 NSW
  description: Inground Pool
  info_url: https://datracker.singleton.nsw.gov.au:444/Application/ApplicationDetails/009.2019.00000027.001
  date_scraped: '2019-05-14'
  date_received: '2019-04-24'
- council_reference: 9.2019.28.1
  address: 7 Casswell Tce, Mcdougalls Hill 2330 NSW
  description: Industrail Retail Outlet
  info_url: https://datracker.singleton.nsw.gov.au:444/Application/ApplicationDetails/009.2019.00000028.001
  date_scraped: '2019-05-14'
  date_received: '2019-04-24'
- council_reference: 9.2019.29.1
  address: 16 Mathry Cl, Gowrie 2330 NSW
  description: Office Premises
  info_url: https://datracker.singleton.nsw.gov.au:444/Application/ApplicationDetails/009.2019.00000029.001
  date_scraped: '2019-05-14'
  date_received: '2019-05-06'
